<?xml version="1.0" encoding="UTF-8"?>
<testsuites name="jest tests" tests="5" failures="0" errors="0" time="5.699">
  <testsuite name="credit card" errors="0" failures="0" skipped="0" timestamp="2023-07-23T23:51:32" time="5.524" tests="5">
    <testcase classname="credit card testing lambda: findCreditCard - empty request.body" name="credit card testing lambda: findCreditCard - empty request.body" time="0.032">
    </testcase>
    <testcase classname="credit card testing lambda: createCreditCard &amp;&amp; findCreditCard - ok" name="credit card testing lambda: createCreditCard &amp;&amp; findCreditCard - ok" time="0.571">
    </testcase>
    <testcase classname="credit card testing lambda: createCreditCard - error email &amp;&amp; credit card lenght" name="credit card testing lambda: createCreditCard - error email &amp;&amp; credit card lenght" time="0.005">
    </testcase>
    <testcase classname="credit card testing lambda: createCreditCard - error yearn and month" name="credit card testing lambda: createCreditCard - error yearn and month" time="0.005">
    </testcase>
    <testcase classname="credit card testing lambda: findCreditCard - no credit card exist" name="credit card testing lambda: findCreditCard - no credit card exist" time="0.006">
    </testcase>
  </testsuite>
</testsuites>